_NOT := λf.(λx.(λy.(((f y) x))))
_TRUE := λx.(λy.(x))
_FALSE := λx.(λy.(y))
λx.(λy.(y))
λx.(λy.(x))
λx.(λy.(x))
λx.(λy.(y))
λx.(λy.(y))
λx.(λy.(x))
λf.(λx.(λy.(((f y) x))))
